// Jest Snapshot v1, https://goo.gl/fbAQLP

exports[`El component renderiza 1`] = `ReactWrapper {}`;
